// Jest Snapshot v1, https://goo.gl/fbAQLP

exports[`renders Card component correctly 1`] = `
<View
  cardType="Black Card"
  opacity={1}
  style={
    {
      "backgroundColor": "#111111",
      "borderBottomLeftRadius": 16,
      "borderBottomRightRadius": 16,
      "borderTopLeftRadius": 16,
      "borderTopRightRadius": 16,
      "gap": 10,
      "height": 180,
      "marginBottom": 16,
      "marginLeft": 16,
      "marginRight": 16,
      "marginTop": 16,
      "opacity": 1,
      "paddingBottom": 10,
      "paddingLeft": 10,
      "paddingRight": 10,
      "paddingTop": 10,
      "shadowColor": "rgba(0, 0, 0, 0.25)",
      "shadowOffset": {
        "height": 0,
        "width": 0,
      },
      "shadowOpacity": 1,
      "shadowRadius": 12,
      "width": 300,
    }
  }
>
  <View
    style={
      {
        "alignItems": "flex-start",
        "display": "flex",
        "paddingTop": 10,
        "width": "100%",
      }
    }
  >
    <View
      style={
        {
          "alignItems": "flex-start",
          "display": "flex",
          "paddingBottom": 10,
          "paddingLeft": 10,
          "paddingRight": 10,
          "paddingTop": 10,
          "width": "100%",
        }
      }
    >
      <Text
        style={
          {
            "color": "#FFFFFF",
            "fontFamily": "PTSansCaption-Regular",
            "fontSize": 18,
            "fontWeight": undefined,
            "lineHeight": 20,
          }
        }
      >
        Visa
      </Text>
    </View>
    <View
      paddingBottom={10}
      style={
        {
          "borderBottomColor": "transparent",
          "borderBottomWidth": 0,
          "borderLeftColor": "transparent",
          "borderRightColor": "transparent",
          "borderTopColor": "transparent",
          "paddingBottom": 10,
        }
      }
    />
    <View
      style={
        {
          "alignItems": "flex-start",
          "display": "flex",
          "gap": 1,
          "paddingBottom": 10,
          "paddingLeft": 10,
          "paddingRight": 10,
          "paddingTop": 10,
          "width": "100%",
        }
      }
    >
      <Text
        style={
          {
            "color": "#FFFFFF",
            "fontFamily": "PTSansCaption-Regular",
            "fontSize": 16,
            "fontWeight": undefined,
            "lineHeight": 18,
          }
        }
      >
        John Doe
      </Text>
      <Text
        style={
          {
            "color": "#FFFFFF",
            "fontFamily": "PTSansCaption-Regular",
            "fontSize": 14,
            "fontWeight": undefined,
            "lineHeight": 16,
          }
        }
      >
        •••• •••• •••• 3456
      </Text>
      <Text
        style={
          {
            "color": "#FFFFFF",
            "fontFamily": "PTSansCaption-Regular",
            "fontSize": 14,
            "fontWeight": undefined,
            "lineHeight": 16,
          }
        }
      >
        10/20
      </Text>
    </View>
  </View>
</View>
`;
